[en.labarraca.nl/index.html]
[backblue.gif]
[fade.gif]
[index.html]
[assets-global.website-files.com/61f53606a22f7e1a572993f6/css/lbrc-website-2022.webflow.5f650a55e.min.css]
[ajax.googleapis.com/ajax/libs/webfont/1.6.26/webfont.js]
[assets-global.website-files.com/61f53606a22f7e1a572993f6/61f592a726750e2c930f676d_la-barraca-tapas-maastricht-32.png]
[assets-global.website-files.com/61f53606a22f7e1a572993f6/61f592ae9c9ae73b10ff43c2_la-barraca-tapas-maastricht-256.png]
[connect.facebook.net/en_US/fbevents.js]
[cdn.weglot.com/weglot.min.js]
[cdn.jsdelivr.net/npm/@finsweet/attributes-cmsfilter@1/cmsfilter.js]
[assets-global.website-files.com/61f53606a22f7e1a572993f6/6411aa523402700cfdd01534_Schermafbeelding 2023-03-15 om 12.19.54.png]
[assets-global.website-files.com/61f53606a22f7e1a572993f6/61f54d478f4ec498919d32e4_la-barraca-maastricht.jpg]
[static.elfsight.com/platform/platform.js]
[d3e54v103j8qbb.cloudfront.net/js/jquery-3.5.1.min.dc5e7f18c8d959.js]
[assets-global.website-files.com/61f53606a22f7e1a572993f6/js/webflow.0e1298ff8.js]
[cdn.formitable.com/sdk/v1/ft.sdk.min.js]
[en.labarraca.nl/index.html]
[assets-global.website-files.com/61f53606a22f7e1a572993f6/css/lbrc-website-2022.webflow.5f650a55e.min.css]
[connect.facebook.net/en_US/fbevents.js]
[en.labarraca.nl/schema.org/index.html]
[en.labarraca.nl/_https_/assets-global.website-files.com/61f53606a22f7e1a572993f6/61f54e165b2373356cc89a83_La baraca Potato-HD 1080p (1.html]
[en.labarraca.nl/werken-bij.html]
[en.labarraca.nl/_https_/assets-global.website-files.com/61f53606a22f7e1a572993f6/61f54d8645c6ae311a1261b2_IMG_4448-poster-00001.html]
[en.labarraca.nl/access-denied62f7.html]
[en.labarraca.nl/a.html]
[en.labarraca.nl/POST.html]
[en.labarraca.nl/b.html]
[en.labarraca.nl/signals/iwl.html]
[en.labarraca.nl/schema.html]
